Last login: Tue Feb  2 09:26:38 on ttys000
wponder@mbp-wponder1 ~ % ls
Applications			OneDrive 
CAPTECH VENTURES INC		OneDrive - CAPTECH VENTURES INC
Desktop				Pictures
Documents			Public
Downloads			README.md
Goals 2021.txt			gulpfile.js
Library				helloworld-webpart
Movies				json
Music				node_modules
wponder@mbp-wponder1 ~ % cd /Users/wponder/OneDrive - CAPTECH VENTURES INC/Front End Dev/CT_Internal_Training
cd: too many arguments
wponder@mbp-wponder1 ~ % cd "/Users/wponder/OneDrive - CAPTECH VENTURES INC/Front End Dev/CT_Internal_Training"
wponder@mbp-wponder1 CT_Internal_Training % ls
biographyStyling.html
wponder@mbp-wponder1 CT_Internal_Training % ls-a
zsh: command not found: ls-a
wponder@mbp-wponder1 CT_Internal_Training % ls a
ls: a: No such file or directory
wponder@mbp-wponder1 CT_Internal_Training % ls -a
.			.git
..			biographyStyling.html
wponder@mbp-wponder1 CT_Internal_Training % git status
On branch master

No commits yet

Untracked files:
  (use "git add <file>..." to include in what will be committed)

	biographyStyling.html

nothing added to commit but untracked files present (use "git add" to track)
wponder@mbp-wponder1 CT_Internal_Training % git commit -a -m ":sunrise:"
On branch master

Initial commit

Untracked files:
	biographyStyling.html

nothing added to commit but untracked files present
wponder@mbp-wponder1 CT_Internal_Training % git add .
wponder@mbp-wponder1 CT_Internal_Training % git status
On branch master

No commits yet

Changes to be committed:
  (use "git rm --cached <file>..." to unstage)

	new file:   biographyStyling.html

wponder@mbp-wponder1 CT_Internal_Training % git commit -a -m ":sunrise:"
wponder@mbp-wponder1 CT_Internal_Training % git commit -a -m ":sunrise:"
[master (root-commit) 6af63cc] :sunrise:
 Committer: Wyn Ponder <wponder@mbp-wponder1.lan>
Your name and email address were configured automatically based
on your username and hostname. Please check that they are accurate.
You can suppress this message by setting them explicitly. Run the
following command and follow the instructions in your editor to edit
your configuration file:

    git config --global --edit

After doing this, you may fix the identity used for this commit with:

    git commit --amend --reset-author

 1 file changed, 113 insertions(+)
 create mode 100644 biographyStyling.html
wponder@mbp-wponder1 CT_Internal_Training % git config --global --edit  
wponder@mbp-wponder1 CT_Internal_Training % git push 
fatal: No configured push destination.
Either specify the URL from the command-line or configure a remote repository using

    git remote add <name> <url>

and then push using the remote name

    git push <name>

wponder@mbp-wponder1 CT_Internal_Training % get remote add origin https://github.com/wynponder/webSolutionsTrainings.git
zsh: command not found: get
wponder@mbp-wponder1 CT_Internal_Training % git remote add origin https://github.com/wynponder/webSolutionsTrainings.git
wponder@mbp-wponder1 CT_Internal_Training % git push -u origin master
Counting objects: 3, done.
Delta compression using up to 12 threads.
Compressing objects: 100% (2/2), done.
Writing objects: 100% (3/3), 1.26 KiB | 1.26 MiB/s, done.
Total 3 (delta 0), reused 0 (delta 0)
remote: 
remote: Create a pull request for 'master' on GitHub by visiting:
remote:      https://github.com/wynponder/webSolutionsTrainings/pull/new/master
remote: 
To https://github.com/wynponder/webSolutionsTrainings.git
 * [new branch]      master -> master
Branch 'master' set up to track remote branch 'master' from 'origin'.
wponder@mbp-wponder1 CT_Internal_Training % git checkout main
error: pathspec 'main' did not match any file(s) known to git.
wponder@mbp-wponder1 CT_Internal_Training % git fetch
remote: Enumerating objects: 3, done.
remote: Counting objects: 100% (3/3), done.
remote: Compressing objects: 100% (2/2), done.
remote: Total 3 (delta 0), reused 0 (delta 0), pack-reused 0
Unpacking objects: 100% (3/3), done.
From https://github.com/wynponder/webSolutionsTrainings
 * [new branch]      main       -> origin/main
wponder@mbp-wponder1 CT_Internal_Training % get checkout main
zsh: command not found: get
wponder@mbp-wponder1 CT_Internal_Training % git checkout main
Branch 'main' set up to track remote branch 'main' from 'origin'.
Switched to a new branch 'main'
wponder@mbp-wponder1 CT_Internal_Training % git commit -a -m ":sunrise:"
On branch main
Your branch is up to date with 'origin/main'.

nothing to commit, working tree clean
wponder@mbp-wponder1 CT_Internal_Training % git status
On branch main
Your branch is up to date with 'origin/main'.

nothing to commit, working tree clean
wponder@mbp-wponder1 CT_Internal_Training % Initial commit
zsh: command not found: Initial
wponder@mbp-wponder1 CT_Internal_Training % initial commit
zsh: command not found: initial
wponder@mbp-wponder1 CT_Internal_Training % git status
On branch main
Your branch is up to date with 'origin/main'.

Untracked files:
  (use "git add <file>..." to include in what will be committed)

	Biography_Styling.html
	Letter_Markup.html

nothing added to commit but untracked files present (use "git add" to track)
wponder@mbp-wponder1 CT_Internal_Training % initial commit
zsh: command not found: initial
wponder@mbp-wponder1 CT_Internal_Training % git add  
Nothing specified, nothing added.
Maybe you wanted to say 'git add .'?
wponder@mbp-wponder1 CT_Internal_Training % git add .
wponder@mbp-wponder1 CT_Internal_Training % git status
On branch main
Your branch is up to date with 'origin/main'.

Changes to be committed:
  (use "git reset HEAD <file>..." to unstage)

	new file:   Biography_Styling.html
	new file:   Letter_Markup.html

wponder@mbp-wponder1 CT_Internal_Training % git commit -a -m ":sunrise:"
[main 9797c6c] :sunrise:
 2 files changed, 267 insertions(+)
 create mode 100644 Biography_Styling.html
 create mode 100644 Letter_Markup.html
wponder@mbp-wponder1 CT_Internal_Training % git checkout -b <development>
zsh: parse error near `\n'
wponder@mbp-wponder1 CT_Internal_Training % git checkout -b <branch>
zsh: parse error near `\n'
wponder@mbp-wponder1 CT_Internal_Training % git checkout -b <"development">
zsh: parse error near `\n'
wponder@mbp-wponder1 CT_Internal_Training % git add .
wponder@mbp-wponder1 CT_Internal_Training % git add .
wponder@mbp-wponder1 CT_Internal_Training % git status
On branch main
Your branch is ahead of 'origin/main' by 1 commit.
  (use "git push" to publish your local commits)

nothing to commit, working tree clean
wponder@mbp-wponder1 CT_Internal_Training % git push
Counting objects: 4, done.
Delta compression using up to 12 threads.
Compressing objects: 100% (4/4), done.
Writing objects: 100% (4/4), 3.83 KiB | 3.83 MiB/s, done.
Total 4 (delta 0), reused 0 (delta 0)
To https://github.com/wynponder/webSolutionsTrainings.git
   bb1d559..9797c6c  main -> main
wponder@mbp-wponder1 CT_Internal_Training % git add .
wponder@mbp-wponder1 CT_Internal_Training % get status
zsh: command not found: get
wponder@mbp-wponder1 CT_Internal_Training % git status
On branch main
Your branch is up to date with 'origin/main'.

Changes to be committed:
  (use "git reset HEAD <file>..." to unstage)

	new file:   magicEightBall.js

wponder@mbp-wponder1 CT_Internal_Training % git commit -a -m ":sunrise:"
[main 5824152] :sunrise:
 1 file changed, 63 insertions(+)
 create mode 100644 magicEightBall.js
wponder@mbp-wponder1 CT_Internal_Training % git add
Nothing specified, nothing added.
Maybe you wanted to say 'git add .'?
wponder@mbp-wponder1 CT_Internal_Training % git add .push
fatal: pathspec '.push' did not match any files
wponder@mbp-wponder1 CT_Internal_Training % git push
Counting objects: 3, done.
Delta compression using up to 12 threads.
Compressing objects: 100% (3/3), done.
Writing objects: 100% (3/3), 778 bytes | 778.00 KiB/s, done.
Total 3 (delta 1), reused 0 (delta 0)
remote: Resolving deltas: 100% (1/1), completed with 1 local object.
To https://github.com/wynponder/webSolutionsTrainings.git
   9797c6c..5824152  main -> main
wponder@mbp-wponder1 CT_Internal_Training % git add .
wponder@mbp-wponder1 CT_Internal_Training % git status
On branch main
Your branch is up to date with 'origin/main'.

Changes to be committed:
  (use "git reset HEAD <file>..." to unstage)

	new file:   rockPaperScissors.js
	new file:   sleepDebt.js

wponder@mbp-wponder1 CT_Internal_Training % git commit -a -m ":sunrise:"
[main fa751b1] :sunrise:
 2 files changed, 128 insertions(+)
 create mode 100644 rockPaperScissors.js
 create mode 100644 sleepDebt.js
wponder@mbp-wponder1 CT_Internal_Training % git status
On branch main
Your branch is ahead of 'origin/main' by 1 commit.
  (use "git push" to publish your local commits)

nothing to commit, working tree clean
wponder@mbp-wponder1 CT_Internal_Training % git push
Counting objects: 4, done.
Delta compression using up to 12 threads.
Compressing objects: 100% (4/4), done.
Writing objects: 100% (4/4), 1.20 KiB | 1.20 MiB/s, done.
Total 4 (delta 1), reused 0 (delta 0)
remote: Resolving deltas: 100% (1/1), completed with 1 local object.
To https://github.com/wynponder/webSolutionsTrainings.git
   5824152..fa751b1  main -> main
wponder@mbp-wponder1 CT_Internal_Training % 
